[15884:5088:0930/161032.596:WARNING:chrome_main_delegate.cc(745)] This is Chrome version 128.0.6613.138 (not a warning)
[15884:17092:0930/161032.740:ERROR:google_update_settings.cc(265)] Failed opening key Software\Chromium to set usagestats; result: 5
[15884:5088:0930/161032.788:WARNING:account_consistency_mode_manager.cc(77)] Desktop Identity Consistency cannot be enabled as no OAuth client ID and client secret have been configured.
[13736:17172:0930/161039.314:WARNING:frame_impl.cc(430)] virtual CefFrameImpl::SendProcessMessage sent to detached frame 5-62127936C8A7FA74048FCB43433219EF will be ignored
[10952:12308:0930/161040.310:WARNING:codec.cc(525)] Explicitly added H264 constrained baseline to list of supported formats.
[10952:7856:0930/161040.362:WARNING:codec.cc(525)] Explicitly added H264 constrained baseline to list of supported formats.
[10952:7856:0930/161040.363:WARNING:codec.cc(525)] Explicitly added H264 constrained baseline to list of supported formats.
[10952:7856:0930/161040.365:WARNING:codec.cc(525)] Explicitly added H264 constrained baseline to list of supported formats.
[9952:11508:0930/161040.433:WARNING:host_resolver_dns_task.cc(863)] Address list empty after RFC3484 sort
[9952:11508:0930/161040.434:WARNING:host_resolver_dns_task.cc(863)] Address list empty after RFC3484 sort
[9952:11508:0930/161040.436:ERROR:socket_manager.cc(147)] Failed to resolve address for stun1.l.google.com., errorcode: -105
[9952:11508:0930/161040.436:ERROR:socket_manager.cc(147)] Failed to resolve address for stun1.l.google.com., errorcode: -105
[9952:11508:0930/161040.436:ERROR:socket_manager.cc(147)] Failed to resolve address for stun1.l.google.com., errorcode: -105
[9952:11508:0930/161040.436:ERROR:socket_manager.cc(147)] Failed to resolve address for stun.l.google.com., errorcode: -105
[9952:11508:0930/161040.436:ERROR:socket_manager.cc(147)] Failed to resolve address for stun.l.google.com., errorcode: -105
[9952:11508:0930/161040.436:ERROR:socket_manager.cc(147)] Failed to resolve address for stun.l.google.com., errorcode: -105
[10952:7856:0930/161040.436:WARNING:stun_port.cc(442)] Port[1024c00:0:1:0:host:Net[any:0:0:0:x:x:x:x:x/0:Wildcard:id=0]]: StunPort: stun host lookup received error -1
[10952:7856:0930/161040.437:WARNING:stun_port.cc(442)] Port[1025400:1:1:0:host:Net[any:0:0:0:x:x:x:x:x/0:Wildcard:id=0]]: StunPort: stun host lookup received error -1
[10952:7856:0930/161040.437:WARNING:stun_port.cc(442)] Port[1025c00:2:1:0:host:Net[any:0:0:0:x:x:x:x:x/0:Wildcard:id=0]]: StunPort: stun host lookup received error -1
[10952:7856:0930/161040.437:WARNING:stun_port.cc(442)] Port[1024c00:0:1:0:host:Net[any:0:0:0:x:x:x:x:x/0:Wildcard:id=0]]: StunPort: stun host lookup received error -1
[10952:7856:0930/161040.437:WARNING:stun_port.cc(442)] Port[1025400:1:1:0:host:Net[any:0:0:0:x:x:x:x:x/0:Wildcard:id=0]]: StunPort: stun host lookup received error -1
[10952:7856:0930/161040.437:WARNING:stun_port.cc(442)] Port[1025c00:2:1:0:host:Net[any:0:0:0:x:x:x:x:x/0:Wildcard:id=0]]: StunPort: stun host lookup received error -1
[9952:11508:0930/161040.448:WARNING:host_resolver_dns_task.cc(863)] Address list empty after RFC3484 sort
[9952:11508:0930/161040.449:ERROR:socket_manager.cc(147)] Failed to resolve address for stun.cloudflare.com., errorcode: -105
[9952:11508:0930/161040.449:ERROR:socket_manager.cc(147)] Failed to resolve address for stun.cloudflare.com., errorcode: -105
[9952:11508:0930/161040.449:ERROR:socket_manager.cc(147)] Failed to resolve address for stun.cloudflare.com., errorcode: -105
[10952:7856:0930/161040.470:WARNING:stun_port.cc(442)] Port[1024c00:0:1:0:host:Net[any:0:0:0:x:x:x:x:x/0:Wildcard:id=0]]: StunPort: stun host lookup received error -1
[10952:7856:0930/161040.471:WARNING:stun_port.cc(442)] Port[1025400:1:1:0:host:Net[any:0:0:0:x:x:x:x:x/0:Wildcard:id=0]]: StunPort: stun host lookup received error -1
[10952:7856:0930/161040.471:WARNING:stun_port.cc(442)] Port[1025c00:2:1:0:host:Net[any:0:0:0:x:x:x:x:x/0:Wildcard:id=0]]: StunPort: stun host lookup received error -1
[15884:17084:0930/161040.572:WARNING:browser_info.cc(345)] Returning a speculative frame for [8,9]
[15884:5088:0930/161040.609:WARNING:browser_info.cc(345)] Returning a speculative frame for [9,5]
[15884:5088:0930/161040.610:WARNING:browser_info.cc(345)] Returning a speculative frame for [9,5]
[15884:5088:0930/161040.610:WARNING:browser_info.cc(345)] Returning a speculative frame for [9,5]
[15884:5088:0930/161040.610:WARNING:browser_info.cc(345)] Returning a speculative frame for [9,5]
[15884:17084:0930/161040.627:WARNING:browser_info.cc(345)] Returning a speculative frame for [9,5]
[2756:4556:0930/161040.810:WARNING:codec.cc(525)] Explicitly added H264 constrained baseline to list of supported formats.
[2756:8372:0930/161040.927:WARNING:codec.cc(525)] Explicitly added H264 constrained baseline to list of supported formats.
[2756:8372:0930/161040.927:WARNING:codec.cc(525)] Explicitly added H264 constrained baseline to list of supported formats.
[2756:8372:0930/161040.928:WARNING:codec.cc(525)] Explicitly added H264 constrained baseline to list of supported formats.
[9952:11508:0930/161040.944:WARNING:host_resolver_dns_task.cc(863)] Address list empty after RFC3484 sort
[9952:11508:0930/161040.944:WARNING:host_resolver_dns_task.cc(863)] Address list empty after RFC3484 sort
[9952:11508:0930/161040.944:WARNING:host_resolver_dns_task.cc(863)] Address list empty after RFC3484 sort
[9952:11508:0930/161040.945:ERROR:socket_manager.cc(147)] Failed to resolve address for stun.cloudflare.com., errorcode: -105
[9952:11508:0930/161040.945:ERROR:socket_manager.cc(147)] Failed to resolve address for stun.cloudflare.com., errorcode: -105
[9952:11508:0930/161040.945:ERROR:socket_manager.cc(147)] Failed to resolve address for stun.cloudflare.com., errorcode: -105
[9952:11508:0930/161040.945:ERROR:socket_manager.cc(147)] Failed to resolve address for stun1.l.google.com., errorcode: -105
[9952:11508:0930/161040.945:ERROR:socket_manager.cc(147)] Failed to resolve address for stun1.l.google.com., errorcode: -105
[9952:11508:0930/161040.945:ERROR:socket_manager.cc(147)] Failed to resolve address for stun1.l.google.com., errorcode: -105
[9952:11508:0930/161040.945:ERROR:socket_manager.cc(147)] Failed to resolve address for stun.l.google.com., errorcode: -105
[9952:11508:0930/161040.945:ERROR:socket_manager.cc(147)] Failed to resolve address for stun.l.google.com., errorcode: -105
[9952:11508:0930/161040.945:ERROR:socket_manager.cc(147)] Failed to resolve address for stun.l.google.com., errorcode: -105
[2756:8372:0930/161040.946:WARNING:stun_port.cc(442)] Port[1320000:0:1:0:host:Net[any:0:0:0:x:x:x:x:x/0:Wildcard:id=0]]: StunPort: stun host lookup received error -1
[2756:8372:0930/161040.946:WARNING:stun_port.cc(442)] Port[1320400:1:1:0:host:Net[any:0:0:0:x:x:x:x:x/0:Wildcard:id=0]]: StunPort: stun host lookup received error -1
[2756:8372:0930/161040.946:WARNING:stun_port.cc(442)] Port[1320c00:2:1:0:host:Net[any:0:0:0:x:x:x:x:x/0:Wildcard:id=0]]: StunPort: stun host lookup received error -1
[2756:8372:0930/161040.946:WARNING:stun_port.cc(442)] Port[1320000:0:1:0:host:Net[any:0:0:0:x:x:x:x:x/0:Wildcard:id=0]]: StunPort: stun host lookup received error -1
[2756:8372:0930/161040.946:WARNING:stun_port.cc(442)] Port[1320400:1:1:0:host:Net[any:0:0:0:x:x:x:x:x/0:Wildcard:id=0]]: StunPort: stun host lookup received error -1
[2756:8372:0930/161040.946:WARNING:stun_port.cc(442)] Port[1320c00:2:1:0:host:Net[any:0:0:0:x:x:x:x:x/0:Wildcard:id=0]]: StunPort: stun host lookup received error -1
[2756:8372:0930/161040.946:WARNING:stun_port.cc(442)] Port[1320000:0:1:0:host:Net[any:0:0:0:x:x:x:x:x/0:Wildcard:id=0]]: StunPort: stun host lookup received error -1
[2756:8372:0930/161040.946:WARNING:stun_port.cc(442)] Port[1320400:1:1:0:host:Net[any:0:0:0:x:x:x:x:x/0:Wildcard:id=0]]: StunPort: stun host lookup received error -1
[2756:8372:0930/161040.946:WARNING:stun_port.cc(442)] Port[1320c00:2:1:0:host:Net[any:0:0:0:x:x:x:x:x/0:Wildcard:id=0]]: StunPort: stun host lookup received error -1
[2756:4556:0930/161041.956:WARNING:codec.cc(525)] Explicitly added H264 constrained baseline to list of supported formats.
[17148:12248:0930/161254.931:ERROR:shared_image_manager.cc(224)] SharedImageManager::ProduceSkia: Trying to Produce a Skia representation from a non-existent mailbox.
[17148:12248:0930/161254.931:ERROR:shared_image_manager.cc(224)] SharedImageManager::ProduceSkia: Trying to Produce a Skia representation from a non-existent mailbox.
[15884:5088:0930/182317.938:WARNING:pref_notifier_impl.cc(41)] Pref observer for media_router.cast_allow_all_ips found at shutdown.
