[27500:25324:0928/233839.457:WARNING:chrome_main_delegate.cc(745)] This is Chrome version 128.0.6613.138 (not a warning)
[27500:25324:0928/233839.617:WARNING:account_consistency_mode_manager.cc(77)] Desktop Identity Consistency cannot be enabled as no OAuth client ID and client secret have been configured.
[10540:27824:0928/233858.948:WARNING:codec.cc(525)] Explicitly added H264 constrained baseline to list of supported formats.
[10540:9524:0928/233859.014:WARNING:codec.cc(525)] Explicitly added H264 constrained baseline to list of supported formats.
[10540:9524:0928/233859.016:WARNING:codec.cc(525)] Explicitly added H264 constrained baseline to list of supported formats.
[10540:9524:0928/233859.018:WARNING:codec.cc(525)] Explicitly added H264 constrained baseline to list of supported formats.
[26044:10048:0928/233859.126:WARNING:host_resolver_dns_task.cc(863)] Address list empty after RFC3484 sort
[26044:10048:0928/233859.126:WARNING:host_resolver_dns_task.cc(863)] Address list empty after RFC3484 sort
[26044:10048:0928/233859.126:WARNING:host_resolver_dns_task.cc(863)] Address list empty after RFC3484 sort
[26044:10048:0928/233859.130:ERROR:socket_manager.cc(147)] Failed to resolve address for stun.l.google.com., errorcode: -105
[26044:10048:0928/233859.130:ERROR:socket_manager.cc(147)] Failed to resolve address for stun.l.google.com., errorcode: -105
[26044:10048:0928/233859.130:ERROR:socket_manager.cc(147)] Failed to resolve address for stun.l.google.com., errorcode: -105
[26044:10048:0928/233859.131:ERROR:socket_manager.cc(147)] Failed to resolve address for stun1.l.google.com., errorcode: -105
[26044:10048:0928/233859.131:ERROR:socket_manager.cc(147)] Failed to resolve address for stun1.l.google.com., errorcode: -105
[26044:10048:0928/233859.131:ERROR:socket_manager.cc(147)] Failed to resolve address for stun1.l.google.com., errorcode: -105
[10540:9524:0928/233859.132:WARNING:stun_port.cc(442)] Port[1031c00:0:1:0:host:Net[any:0:0:0:x:x:x:x:x/0:Wildcard:id=0]]: StunPort: stun host lookup received error -1
[10540:9524:0928/233859.132:WARNING:stun_port.cc(442)] Port[1032400:1:1:0:host:Net[any:0:0:0:x:x:x:x:x/0:Wildcard:id=0]]: StunPort: stun host lookup received error -1
[10540:9524:0928/233859.132:WARNING:stun_port.cc(442)] Port[1032c00:2:1:0:host:Net[any:0:0:0:x:x:x:x:x/0:Wildcard:id=0]]: StunPort: stun host lookup received error -1
[10540:9524:0928/233859.132:WARNING:stun_port.cc(442)] Port[1031c00:0:1:0:host:Net[any:0:0:0:x:x:x:x:x/0:Wildcard:id=0]]: StunPort: stun host lookup received error -1
[10540:9524:0928/233859.132:WARNING:stun_port.cc(442)] Port[1032400:1:1:0:host:Net[any:0:0:0:x:x:x:x:x/0:Wildcard:id=0]]: StunPort: stun host lookup received error -1
[10540:9524:0928/233859.132:WARNING:stun_port.cc(442)] Port[1032c00:2:1:0:host:Net[any:0:0:0:x:x:x:x:x/0:Wildcard:id=0]]: StunPort: stun host lookup received error -1
[26044:10048:0928/233859.133:ERROR:socket_manager.cc(147)] Failed to resolve address for stun.cloudflare.com., errorcode: -105
[26044:10048:0928/233859.133:ERROR:socket_manager.cc(147)] Failed to resolve address for stun.cloudflare.com., errorcode: -105
[10540:9524:0928/233859.133:WARNING:stun_port.cc(442)] Port[1031c00:0:1:0:host:Net[any:0:0:0:x:x:x:x:x/0:Wildcard:id=0]]: StunPort: stun host lookup received error -1
[26044:10048:0928/233859.133:ERROR:socket_manager.cc(147)] Failed to resolve address for stun.cloudflare.com., errorcode: -105
[10540:9524:0928/233859.134:WARNING:stun_port.cc(442)] Port[1032400:1:1:0:host:Net[any:0:0:0:x:x:x:x:x/0:Wildcard:id=0]]: StunPort: stun host lookup received error -1
[10540:9524:0928/233859.134:WARNING:stun_port.cc(442)] Port[1032c00:2:1:0:host:Net[any:0:0:0:x:x:x:x:x/0:Wildcard:id=0]]: StunPort: stun host lookup received error -1
[27500:3320:0928/233859.328:WARNING:browser_info.cc(345)] Returning a speculative frame for [7,5]
[27500:25324:0928/233859.334:WARNING:browser_info.cc(345)] Returning a speculative frame for [8,5]
[27500:25324:0928/233859.334:WARNING:browser_info.cc(345)] Returning a speculative frame for [8,5]
[27500:25324:0928/233859.336:WARNING:browser_info.cc(345)] Returning a speculative frame for [8,5]
[27500:25324:0928/233859.336:WARNING:browser_info.cc(345)] Returning a speculative frame for [8,5]
[27500:3320:0928/233859.436:WARNING:browser_info.cc(345)] Returning a speculative frame for [8,5]
[16308:15856:0928/233902.130:WARNING:codec.cc(525)] Explicitly added H264 constrained baseline to list of supported formats.
[16308:13604:0928/233902.277:WARNING:codec.cc(525)] Explicitly added H264 constrained baseline to list of supported formats.
[16308:13604:0928/233902.277:WARNING:codec.cc(525)] Explicitly added H264 constrained baseline to list of supported formats.
[16308:13604:0928/233902.278:WARNING:codec.cc(525)] Explicitly added H264 constrained baseline to list of supported formats.
[26044:10048:0928/233902.296:WARNING:host_resolver_dns_task.cc(863)] Address list empty after RFC3484 sort
[26044:10048:0928/233902.296:WARNING:host_resolver_dns_task.cc(863)] Address list empty after RFC3484 sort
[26044:10048:0928/233902.296:WARNING:host_resolver_dns_task.cc(863)] Address list empty after RFC3484 sort
[26044:10048:0928/233902.296:ERROR:socket_manager.cc(147)] Failed to resolve address for stun.l.google.com., errorcode: -105
[26044:10048:0928/233902.296:ERROR:socket_manager.cc(147)] Failed to resolve address for stun.l.google.com., errorcode: -105
[26044:10048:0928/233902.296:ERROR:socket_manager.cc(147)] Failed to resolve address for stun.l.google.com., errorcode: -105
[26044:10048:0928/233902.296:ERROR:socket_manager.cc(147)] Failed to resolve address for stun1.l.google.com., errorcode: -105
[16308:13604:0928/233902.296:WARNING:stun_port.cc(442)] Port[1314000:0:1:0:host:Net[any:0:0:0:x:x:x:x:x/0:Wildcard:id=0]]: StunPort: stun host lookup received error -1
[26044:10048:0928/233902.296:ERROR:socket_manager.cc(147)] Failed to resolve address for stun1.l.google.com., errorcode: -105
[26044:10048:0928/233902.296:ERROR:socket_manager.cc(147)] Failed to resolve address for stun1.l.google.com., errorcode: -105
[16308:13604:0928/233902.296:WARNING:stun_port.cc(442)] Port[1314400:1:1:0:host:Net[any:0:0:0:x:x:x:x:x/0:Wildcard:id=0]]: StunPort: stun host lookup received error -1
[26044:10048:0928/233902.296:ERROR:socket_manager.cc(147)] Failed to resolve address for stun.cloudflare.com., errorcode: -105
[16308:13604:0928/233902.296:WARNING:stun_port.cc(442)] Port[1314c00:2:1:0:host:Net[any:0:0:0:x:x:x:x:x/0:Wildcard:id=0]]: StunPort: stun host lookup received error -1
[26044:10048:0928/233902.296:ERROR:socket_manager.cc(147)] Failed to resolve address for stun.cloudflare.com., errorcode: -105
[26044:10048:0928/233902.296:ERROR:socket_manager.cc(147)] Failed to resolve address for stun.cloudflare.com., errorcode: -105
[16308:13604:0928/233902.296:WARNING:stun_port.cc(442)] Port[1314000:0:1:0:host:Net[any:0:0:0:x:x:x:x:x/0:Wildcard:id=0]]: StunPort: stun host lookup received error -1
[16308:13604:0928/233902.297:WARNING:stun_port.cc(442)] Port[1314400:1:1:0:host:Net[any:0:0:0:x:x:x:x:x/0:Wildcard:id=0]]: StunPort: stun host lookup received error -1
[16308:13604:0928/233902.297:WARNING:stun_port.cc(442)] Port[1314c00:2:1:0:host:Net[any:0:0:0:x:x:x:x:x/0:Wildcard:id=0]]: StunPort: stun host lookup received error -1
[16308:13604:0928/233902.297:WARNING:stun_port.cc(442)] Port[1314000:0:1:0:host:Net[any:0:0:0:x:x:x:x:x/0:Wildcard:id=0]]: StunPort: stun host lookup received error -1
[16308:13604:0928/233902.297:WARNING:stun_port.cc(442)] Port[1314400:1:1:0:host:Net[any:0:0:0:x:x:x:x:x/0:Wildcard:id=0]]: StunPort: stun host lookup received error -1
[16308:13604:0928/233902.297:WARNING:stun_port.cc(442)] Port[1314c00:2:1:0:host:Net[any:0:0:0:x:x:x:x:x/0:Wildcard:id=0]]: StunPort: stun host lookup received error -1
[16308:15856:0928/233904.407:WARNING:codec.cc(525)] Explicitly added H264 constrained baseline to list of supported formats.
[26044:10048:0928/234103.429:ERROR:ssl_client_socket_impl.cc(882)] handshake failed; returned -1, SSL error code 1, net_error -100
[26044:10048:0928/234104.094:ERROR:ssl_client_socket_impl.cc(882)] handshake failed; returned -1, SSL error code 1, net_error -100
[31908:30416:0928/234113.420:ERROR:shared_image_manager.cc(224)] SharedImageManager::ProduceSkia: Trying to Produce a Skia representation from a non-existent mailbox.
[31908:30416:0928/234113.420:ERROR:shared_image_manager.cc(224)] SharedImageManager::ProduceSkia: Trying to Produce a Skia representation from a non-existent mailbox.
[26044:10048:0928/234118.095:ERROR:ssl_client_socket_impl.cc(882)] handshake failed; returned -1, SSL error code 1, net_error -107
[26044:10048:0928/234131.759:ERROR:ssl_client_socket_impl.cc(882)] handshake failed; returned -1, SSL error code 1, net_error -100
[27500:25324:0929/012552.138:ERROR:device_event_log_impl.cc(196)] [01:25:51.929] USB: usb_service_win.cc:105 SetupDiGetDeviceProperty({{A45C254E-DF1C-4EFD-8020-67D146A850E0}, 6}) failed: No se ha encontrado el elemento. (0x490)
[27500:25324:0929/021441.197:WARNING:pref_notifier_impl.cc(41)] Pref observer for media_router.cast_allow_all_ips found at shutdown.
